◇ injected env (0) from .env // tip: ⌘ custom filepath { path: '/custom/path/.env' }
[90m[2026-05-24 03:42:34][0m [32m[AGENT][0m Emma initialized
[90m[2026-05-24 03:42:34][0m [33m[TELEGRAM][0m Disabled in config — skipping
[90m[2026-05-24 03:42:34][0m [32m[TOOLS][0m Registered: browser_navigate
[90m[2026-05-24 03:42:34][0m [32m[TOOLS][0m Registered: browser_screenshot
[90m[2026-05-24 03:42:34][0m [32m[TOOLS][0m Registered: browser_click
[90m[2026-05-24 03:42:34][0m [32m[TOOLS][0m Browserbase tools registered: browser_navigate, browser_screenshot, browser_click
[90m[2026-05-24 03:42:34][0m [32m[TOOLS][0m Registered: maton_list_connections
[90m[2026-05-24 03:42:34][0m [32m[TOOLS][0m Registered: maton_run_action
[90m[2026-05-24 03:42:34][0m [32m[TOOLS][0m Registered: maton_proxy_request
[90m[2026-05-24 03:42:34][0m [32m[TOOLS][0m Maton tools registered: maton_list_connections, maton_run_action, maton_proxy_request
[90m[2026-05-24 03:42:34][0m [32m[TOOLS][0m Registered: cron_schedule
[90m[2026-05-24 03:42:34][0m [32m[TOOLS][0m Registered: cron_list
[90m[2026-05-24 03:42:34][0m [32m[TOOLS][0m Registered: cron_remove
[90m[2026-05-24 03:42:34][0m [32m[TOOLS][0m Cron tools registered: cron_schedule, cron_list, cron_remove
[90m[2026-05-24 03:42:34][0m [32m[TOOLS][0m Registered: shell_exec
[90m[2026-05-24 03:42:34][0m [32m[TOOLS][0m Registered: file_read
[90m[2026-05-24 03:42:34][0m [32m[TOOLS][0m Registered: file_write
[90m[2026-05-24 03:42:34][0m [32m[TOOLS][0m Registered: file_list
[90m[2026-05-24 03:42:34][0m [32m[TOOLS][0m Registered: file_delete
[90m[2026-05-24 03:42:34][0m [32m[TOOLS][0m Registered: browser_navigate
[90m[2026-05-24 03:42:34][0m [32m[TOOLS][0m Registered: browser_screenshot
[90m[2026-05-24 03:42:34][0m [32m[TOOLS][0m Registered: browser_extract_text
[90m[2026-05-24 03:42:34][0m [32m[TOOLS][0m Registered: browser_click
[90m[2026-05-24 03:42:34][0m [32m[TOOLS][0m Registered: browser_type
[90m[2026-05-24 03:42:34][0m [32m[TOOLS][0m Registered: browser_extract_links
[90m[2026-05-24 03:42:34][0m [32m[TOOLS][0m Registered: browser_close
[90m[2026-05-24 03:42:34][0m [32m[TOOLS][0m Registered: skills_list
[90m[2026-05-24 03:42:34][0m [32m[TOOLS][0m Registered: skills_read
[90m[2026-05-24 03:42:34][0m [32m[TOOLS][0m Registered: skills_save
[90m[2026-05-24 03:42:34][0m [32m[TOOLS][0m Registered: finance_price
[90m[2026-05-24 03:42:34][0m [32m[TOOLS][0m Registered: finance_portfolio
[90m[2026-05-24 03:42:34][0m [32m[TOOLS][0m Registered: finance_news
[90m[2026-05-24 03:42:34][0m [32m[TOOLS][0m Registered: research_web
[90m[2026-05-24 03:42:34][0m [32m[TOOLS][0m Registered: research_person
[90m[2026-05-24 03:42:34][0m [32m[TOOLS][0m Registered: research_company
[90m[2026-05-24 03:42:34][0m [32m[TOOLS][0m Registered: content_draft
[90m[2026-05-24 03:42:34][0m [32m[TOOLS][0m Registered: content_list
[90m[2026-05-24 03:42:34][0m [32m[TOOLS][0m Registered: content_read
[90m[2026-05-24 03:42:34][0m [32m[TOOLS][0m Registered: device_http
[90m[2026-05-24 03:42:34][0m [32m[TOOLS][0m Registered: device_homeassistant
[90m[2026-05-24 03:42:34][0m [32m[TOOLS][0m Registered: bland_call
[90m[2026-05-24 03:42:34][0m [32m[TOOLS][0m Registered: bland_call_status
[90m[2026-05-24 03:42:34][0m [32m[TOOLS][0m Registered: bland_list_calls
[90m[2026-05-24 03:42:34][0m [32m[TOOLS][0m Registered: bland_stop_call
[90m[2026-05-24 03:42:34][0m [32m[TOOLS][0m Registered: bland_create_pathway
[90m[2026-05-24 03:42:34][0m [32m[TOOLS][0m Registered: bland_call_with_pathway
[90m[2026-05-24 03:42:34][0m [33m[HEARTBEAT][0m Disabled in config — skipping
[90m[2026-05-24 03:42:34][0m [36m[CRON][0m 0 job(s) active
node:events:487
      throw er; // Unhandled 'error' event
      ^

Error: listen EADDRINUSE: address already in use :::3000
    at Server.setupListenHandle [as _listen2] (node:net:2008:16)
    at listenInCluster (node:net:2065:12)
    at Server.listen (node:net:2170:7)
    at <anonymous> (/Users/sanjaydivakar/arden/src/gateway/index.ts:86:8)
    at ModuleJob.run (node:internal/modules/esm/module_job:437:25)
    at async node:internal/modules/esm/loader:639:26
    at async asyncRunEntryPointWithESMLoader (node:internal/modules/run_main:101:5)
Emitted 'error' event on WebSocketServer instance at:
    at Server.emit (node:events:509:28)
    at emitErrorNT (node:net:2044:8)
    at process.processTicksAndRejections (node:internal/process/task_queues:90:21) {
  code: 'EADDRINUSE',
  errno: -48,
  syscall: 'listen',
  address: '::',
  port: 3000
}

Node.js v24.15.0
